2024-06-04 09:41:24,895 - simple - INFO: QNode: {"MATCH_ALL": ["sex like m%"], "MATCH_SOME": None, "ADD_COLUMNS": None, "EXCLUDE_COLUMNS": None}
2024-06-04 09:41:24,895 - simple - INFO: Building paged query
2024-06-04 09:41:24,895 - simple - INFO: Building MATCH conditions
2024-06-04 09:41:24,896 - simple - INFO: Building SELECT clause
2024-06-04 09:43:30,772 - simple - INFO: QNode: {"MATCH_ALL": ["sex like m%"], "MATCH_SOME": ["year_of_birt < 50"], "ADD_COLUMNS": None, "EXCLUDE_COLUMNS": None}
2024-06-04 09:43:30,772 - simple - INFO: Building paged query
2024-06-04 09:43:30,772 - simple - INFO: Building MATCH conditions
2024-06-04 09:43:30,773 - simple - ERROR: Column Not Found: year_of_birt, did you mean: ['year_of_birth']
NoneType: None
2024-06-04 09:44:27,649 - simple - INFO: QNode: {"MATCH_ALL": ["sex like m%"], "MATCH_SOME": ["year_of_birth < 50", "crdc_id = 5"], "ADD_COLUMNS": None, "EXCLUDE_COLUMNS": None}
2024-06-04 09:44:27,650 - simple - INFO: Building paged query
2024-06-04 09:44:27,650 - simple - INFO: Building MATCH conditions
2024-06-04 09:44:27,652 - simple - ERROR: Column Not Found: crdc_id, did you mean: ['subject_crdc_id', 'file_crdc_id', 'project_crdc_id', 'specimen_crdc_id']
NoneType: None
2024-06-04 09:45:29,598 - simple - INFO: QNode: {"MATCH_ALL": ["sex like m%"], "MATCH_SOME": ["year_of_birth < 50", "subject_crdc_id = 5"], "ADD_COLUMNS": ["species"], "EXCLUDE_COLUMNS": ["vital_status"]}
2024-06-04 09:45:29,598 - simple - INFO: Building paged query
2024-06-04 09:45:29,598 - simple - INFO: Building MATCH conditions
2024-06-04 09:45:29,599 - simple - INFO: Building SELECT clause
2024-06-05 14:00:57,228 - simple - INFO: QNode: {"MATCH_ALL": ["string"], "MATCH_SOME": ["string"], "ADD_COLUMNS": ["string"], "EXCLUDE_COLUMNS": ["string"]}
2024-06-05 14:00:57,228 - simple - INFO: Building paged query
2024-06-05 14:00:57,228 - simple - INFO: Building MATCH conditions
2024-06-05 14:09:48,121 - simple - INFO: QNode: {"MATCH_ALL": ["string"], "MATCH_SOME": ["string"], "ADD_COLUMNS": ["string"], "EXCLUDE_COLUMNS": ["string"]}
2024-06-05 14:09:48,121 - simple - INFO: Building paged query
2024-06-05 14:09:48,122 - simple - INFO: Building MATCH conditions
2024-06-05 14:10:10,334 - simple - INFO: QNode: {"MATCH_ALL": ["string"], "MATCH_SOME": ["string"], "ADD_COLUMNS": ["string"], "EXCLUDE_COLUMNS": ["string"]}
2024-06-05 14:10:10,334 - simple - INFO: Building paged query
2024-06-05 14:10:10,334 - simple - INFO: Building MATCH conditions
2024-06-05 14:16:56,602 - simple - INFO: QNode: {"MATCH_ALL": ["string"], "MATCH_SOME": ["string"], "ADD_COLUMNS": ["string"], "EXCLUDE_COLUMNS": ["string"]}
2024-06-05 14:16:56,602 - simple - INFO: Building paged query
2024-06-05 14:16:56,602 - simple - INFO: Building MATCH conditions
2024-06-05 14:17:28,224 - simple - INFO: QNode: {"MATCH_ALL": ["string"], "MATCH_SOME": ["string"], "ADD_COLUMNS": ["string"], "EXCLUDE_COLUMNS": ["string"]}
2024-06-05 14:17:28,224 - simple - INFO: Building paged query
2024-06-05 14:17:28,224 - simple - INFO: Building MATCH conditions
2024-06-05 14:18:56,389 - simple - INFO: QNode: {"MATCH_ALL": ["string"], "MATCH_SOME": ["string"], "ADD_COLUMNS": ["string"], "EXCLUDE_COLUMNS": ["string"]}
2024-06-05 14:18:56,389 - simple - INFO: Building paged query
2024-06-05 14:18:56,390 - simple - INFO: Building MATCH conditions
2024-06-05 14:23:23,568 - simple - INFO: QNode: {"MATCH_ALL": ["sex like m%"], "MATCH_SOME": None, "ADD_COLUMNS": None, "EXCLUDE_COLUMNS": None}
2024-06-05 14:24:08,521 - simple - INFO: QNode: {"MATCH_ALL": ["sex like m%"], "MATCH_SOME": None, "ADD_COLUMNS": None, "EXCLUDE_COLUMNS": None}
2024-06-05 14:24:08,521 - simple - INFO: Building paged query
2024-06-05 14:24:08,521 - simple - INFO: Building MATCH conditions
2024-06-05 14:24:08,522 - simple - INFO: Building SELECT clause
2024-06-05 14:31:29,649 - simple - INFO: QNode: {"MATCH_ALL": ["string"], "MATCH_SOME": ["string"], "ADD_COLUMNS": ["string"], "EXCLUDE_COLUMNS": ["string"]}
2024-06-05 14:31:29,649 - simple - INFO: Building paged query
2024-06-05 14:31:29,650 - simple - INFO: Building MATCH conditions
2024-06-05 14:31:41,137 - simple - INFO: QNode: {"MATCH_ALL": ["string"], "MATCH_SOME": ["string"], "ADD_COLUMNS": ["string"], "EXCLUDE_COLUMNS": ["string"]}
2024-06-05 14:31:41,137 - simple - INFO: Building paged query
2024-06-05 14:31:41,137 - simple - INFO: Building MATCH conditions
2024-06-06 14:08:59,009 - simple - INFO: QNode: {"MATCH_ALL": ["sex = m"], "MATCH_SOME": None, "ADD_COLUMNS": None, "EXCLUDE_COLUMNS": None}
2024-06-06 14:08:59,010 - simple - INFO: Building paged query
2024-06-06 14:08:59,010 - simple - INFO: Building MATCH conditions
2024-06-06 14:08:59,012 - simple - INFO: Building SELECT clause
2024-06-06 14:09:29,461 - simple - INFO: QNode: {"MATCH_ALL": ["sex like m"], "MATCH_SOME": None, "ADD_COLUMNS": None, "EXCLUDE_COLUMNS": None}
2024-06-06 14:09:29,461 - simple - INFO: Building paged query
2024-06-06 14:09:29,461 - simple - INFO: Building MATCH conditions
2024-06-06 14:09:29,462 - simple - INFO: Building SELECT clause
2024-06-06 14:11:00,587 - simple - INFO: QNode: {"MATCH_ALL": ["sex like m"], "MATCH_SOME": None, "ADD_COLUMNS": None, "EXCLUDE_COLUMNS": None}
2024-06-06 14:11:00,588 - simple - INFO: Building paged query
2024-06-06 14:11:00,588 - simple - INFO: Building MATCH conditions
2024-06-06 14:11:00,589 - simple - INFO: Building SELECT clause
2024-06-06 14:11:05,696 - simple - INFO: QNode: {"MATCH_ALL": ["sex = m"], "MATCH_SOME": None, "ADD_COLUMNS": None, "EXCLUDE_COLUMNS": None}
2024-06-06 14:11:05,696 - simple - INFO: Building paged query
2024-06-06 14:11:05,696 - simple - INFO: Building MATCH conditions
2024-06-06 14:11:05,697 - simple - INFO: Building SELECT clause
2024-06-06 15:05:42,879 - simple - INFO: QNode: {"MATCH_ALL": ["sex notin ["m","f"]"], "MATCH_SOME": None, "ADD_COLUMNS": None, "EXCLUDE_COLUMNS": None}
2024-06-06 15:05:42,880 - simple - INFO: Building paged query
2024-06-06 15:05:42,880 - simple - INFO: Building MATCH conditions
2024-06-06 15:05:42,882 - simple - INFO: Building SELECT clause
2024-06-06 15:07:07,534 - simple - INFO: QNode: {"MATCH_ALL": ["sex in ["m","f"]"], "MATCH_SOME": None, "ADD_COLUMNS": None, "EXCLUDE_COLUMNS": None}
2024-06-06 15:07:07,535 - simple - INFO: Building paged query
2024-06-06 15:07:07,535 - simple - INFO: Building MATCH conditions
2024-06-06 15:07:07,536 - simple - INFO: Building SELECT clause
2024-06-06 15:07:18,005 - simple - INFO: QNode: {"MATCH_ALL": ["sex < 5"], "MATCH_SOME": None, "ADD_COLUMNS": None, "EXCLUDE_COLUMNS": None}
2024-06-06 15:07:18,006 - simple - INFO: Building paged query
2024-06-06 15:07:18,006 - simple - INFO: Building MATCH conditions
2024-06-06 15:07:18,006 - simple - INFO: Building SELECT clause
2024-06-06 15:11:10,030 - simple - INFO: QNode: {"MATCH_ALL": ["sex < 5"], "MATCH_SOME": None, "ADD_COLUMNS": None, "EXCLUDE_COLUMNS": None}
2024-06-06 15:11:10,031 - simple - INFO: Building paged query
2024-06-06 15:11:10,031 - simple - INFO: Building MATCH conditions
2024-06-06 15:11:10,032 - simple - INFO: Building SELECT clause
2024-06-06 15:11:19,926 - simple - INFO: QNode: {"MATCH_ALL": ["sex < m"], "MATCH_SOME": None, "ADD_COLUMNS": None, "EXCLUDE_COLUMNS": None}
2024-06-06 15:11:19,926 - simple - INFO: Building paged query
2024-06-06 15:11:19,926 - simple - INFO: Building MATCH conditions
2024-06-06 15:11:19,927 - simple - INFO: Building SELECT clause
2024-06-07 07:26:42,565 - simple - INFO: QNode: {"MATCH_ALL": ["sex < m"], "MATCH_SOME": None, "ADD_COLUMNS": None, "EXCLUDE_COLUMNS": None}
2024-06-07 07:26:42,566 - simple - INFO: Building paged query
2024-06-07 07:26:42,566 - simple - INFO: Building MATCH conditions
2024-06-07 07:26:42,567 - simple - INFO: Building SELECT clause
2024-06-07 11:51:37,956 - simple - INFO: QNode: {"MATCH_ALL": ["sex < m", "species notlike homo%"], "MATCH_SOME": ["format in [1,2,3,4]"], "ADD_COLUMNS": None, "EXCLUDE_COLUMNS": None}
2024-06-07 11:51:37,956 - simple - INFO: Building paged query
2024-06-07 11:51:37,956 - simple - INFO: Building MATCH conditions
2024-06-07 11:51:37,958 - simple - INFO: Building SELECT clause
2024-06-07 11:53:05,413 - simple - INFO: QNode: {"MATCH_ALL": ["sex < m", "species notlike homo%"], "MATCH_SOME": ["format in [1,2,3,4]", "project_crdc_id notin [6,7,8,9]"], "ADD_COLUMNS": None, "EXCLUDE_COLUMNS": None}
2024-06-07 11:53:05,414 - simple - INFO: Building paged query
2024-06-07 11:53:05,414 - simple - INFO: Building MATCH conditions
2024-06-07 11:53:05,416 - simple - INFO: Building SELECT clause
2024-06-07 12:00:45,982 - simple - INFO: QNode: {"MATCH_ALL": ["sex < m", "species notlike homo%"], "MATCH_SOME": ["format in [1,2,3,4]", "project_crdc_id notin [6,7,8,9]"], "ADD_COLUMNS": ["species", "format", "project_crdc_id"], "EXCLUDE_COLUMNS": ["subject_id", "subject_integer_id_alias"]}
2024-06-07 12:00:45,982 - simple - INFO: Building paged query
2024-06-07 12:00:45,982 - simple - INFO: Building MATCH conditions
2024-06-07 12:00:45,984 - simple - INFO: Building SELECT clause
2024-06-07 12:01:58,890 - simple - INFO: QNode: {"MATCH_ALL": ["sex < m", "species notlike homo%"], "MATCH_SOME": ["format in [1,2,3,4]", "project_crdc_id notin [6,7,8,9]"], "ADD_COLUMNS": ["sex", "format", "project_crdc_id"], "EXCLUDE_COLUMNS": ["subject_id", "subject_integer_id_alias"]}
2024-06-07 12:01:58,890 - simple - INFO: Building paged query
2024-06-07 12:01:58,890 - simple - INFO: Building MATCH conditions
2024-06-07 12:01:58,891 - simple - INFO: Building SELECT clause
2024-06-07 12:02:27,150 - simple - INFO: QNode: {"MATCH_ALL": ["sex < m", "species notlike homo%"], "MATCH_SOME": ["format in [1,2,3,4]", "project_crdc_id notin [6,7,8,9]"], "ADD_COLUMNS": ["sex", "grade", "format", "project_crdc_id"], "EXCLUDE_COLUMNS": ["subject_id", "subject_integer_id_alias"]}
2024-06-07 12:02:27,151 - simple - INFO: Building paged query
2024-06-07 12:02:27,151 - simple - INFO: Building MATCH conditions
2024-06-07 12:02:27,153 - simple - INFO: Building SELECT clause
2024-06-07 12:02:56,699 - simple - INFO: QNode: {"MATCH_ALL": ["sex < m", "species notlike homo%"], "MATCH_SOME": ["format in [1,2,3,4]", "project_crdc_id notin [6,7,8,9]"], "ADD_COLUMNS": ["sex", "format", "project_crdc_id", "grade"], "EXCLUDE_COLUMNS": ["subject_id", "subject_integer_id_alias"]}
2024-06-07 12:02:56,699 - simple - INFO: Building paged query
2024-06-07 12:02:56,699 - simple - INFO: Building MATCH conditions
2024-06-07 12:02:56,701 - simple - INFO: Building SELECT clause
2024-06-12 10:13:13,772 - simple - INFO: QNode: {"MATCH_ALL": ["species like %homo%"], "MATCH_SOME": None, "ADD_COLUMNS": None, "EXCLUDE_COLUMNS": None}
2024-06-12 10:13:13,773 - simple - INFO: Building paged query
2024-06-12 10:13:13,773 - simple - INFO: Building MATCH conditions
2024-06-12 10:13:13,773 - simple - INFO: Building SELECT clause
2024-06-12 10:21:05,477 - simple - INFO: QNode: {"MATCH_ALL": ["sex like m%"], "MATCH_SOME": None, "ADD_COLUMNS": None, "EXCLUDE_COLUMNS": None}
2024-06-12 10:21:05,477 - simple - INFO: Building paged query
2024-06-12 10:21:05,477 - simple - INFO: Building MATCH conditions
2024-06-12 10:21:05,478 - simple - INFO: Building SELECT clause
2024-06-12 10:21:31,685 - simple - INFO: QNode: {"MATCH_ALL": ["sex like m%"], "MATCH_SOME": None, "ADD_COLUMNS": ["sex"], "EXCLUDE_COLUMNS": None}
2024-06-12 10:21:31,685 - simple - INFO: Building paged query
2024-06-12 10:21:31,685 - simple - INFO: Building MATCH conditions
2024-06-12 10:21:31,686 - simple - INFO: Building SELECT clause
2024-06-12 10:31:18,710 - simple - INFO: QNode: {"MATCH_ALL": ["se like 7"], "MATCH_SOME": None, "ADD_COLUMNS": ["sex"], "EXCLUDE_COLUMNS": None}
2024-06-12 10:31:18,711 - simple - INFO: Building paged query
2024-06-12 10:31:18,711 - simple - INFO: Building MATCH conditions
2024-06-12 10:31:18,711 - simple - ERROR: Column Not Found: se, did you mean: ['sex']
NoneType: None
2024-06-12 10:33:01,762 - simple - INFO: QNode: {"MATCH_ALL": None, "MATCH_SOME": None, "ADD_COLUMNS": ["sex"], "EXCLUDE_COLUMNS": None}
2024-06-12 10:33:01,762 - simple - INFO: Building paged query
2024-06-12 10:33:01,762 - simple - INFO: Building MATCH conditions
2024-06-12 10:33:01,762 - simple - INFO: Building SELECT clause
2024-06-12 10:33:15,471 - simple - INFO: QNode: {"MATCH_ALL": None, "MATCH_SOME": None, "ADD_COLUMNS": ["sex"], "EXCLUDE_COLUMNS": None}
2024-06-12 10:33:15,472 - simple - INFO: Building paged query
2024-06-12 10:33:15,472 - simple - INFO: Building MATCH conditions
2024-06-12 10:33:15,472 - simple - INFO: Building SELECT clause
2024-06-12 10:46:46,195 - simple - INFO: QNode: {"MATCH_ALL": None, "MATCH_SOME": None, "ADD_COLUMNS": ["sex"], "EXCLUDE_COLUMNS": None}
2024-06-12 10:46:46,195 - simple - INFO: Building paged query
2024-06-12 10:46:46,195 - simple - INFO: Building MATCH conditions
2024-06-12 10:46:46,195 - simple - INFO: Building SELECT clause
2024-06-12 11:33:27,787 - simple - INFO: QNode: {"MATCH_ALL": None, "MATCH_SOME": None, "ADD_COLUMNS": ["sex"], "EXCLUDE_COLUMNS": None}
2024-06-12 11:33:27,787 - simple - INFO: Building paged query
2024-06-12 11:33:27,788 - simple - INFO: Building MATCH conditions
2024-06-12 11:33:27,788 - simple - INFO: Building SELECT clause
2024-06-12 12:10:13,320 - simple - INFO: QNode: {"MATCH_ALL": ["sex like m%", "race like white"], "MATCH_SOME": None, "ADD_COLUMNS": None, "EXCLUDE_COLUMNS": None}
2024-06-12 12:10:13,321 - simple - INFO: Building paged query
2024-06-12 12:10:13,321 - simple - INFO: Building MATCH conditions
2024-06-12 12:10:13,322 - simple - INFO: Building SELECT clause
2024-06-12 12:33:33,116 - simple - INFO: QNode: {"MATCH_ALL": ["sex like m%", "race like white"], "MATCH_SOME": None, "ADD_COLUMNS": ["sex", "race"], "EXCLUDE_COLUMNS": None}
2024-06-12 12:33:33,116 - simple - INFO: Building paged query
2024-06-12 12:33:33,116 - simple - INFO: Building MATCH conditions
2024-06-12 12:33:33,117 - simple - INFO: Building SELECT clause
2024-06-12 12:36:34,090 - simple - INFO: QNode: {"MATCH_ALL": ["sex like m%", "race like white"], "MATCH_SOME": ["subject_crdc_id < 50", "cause_of_death like plague"], "ADD_COLUMNS": ["sex", "race"], "EXCLUDE_COLUMNS": None}
2024-06-12 12:36:34,090 - simple - INFO: Building paged query
2024-06-12 12:36:34,091 - simple - INFO: Building MATCH conditions
2024-06-12 12:36:34,092 - simple - INFO: Building SELECT clause
2024-06-12 12:37:45,754 - simple - INFO: QNode: {"MATCH_ALL": ["sex like m%", "race like white"], "MATCH_SOME": ["subject_crdc_id < 50", "cause_of_death like plague"], "ADD_COLUMNS": ["sex", "race"], "EXCLUDE_COLUMNS": None}
2024-06-12 12:37:45,755 - simple - INFO: Building paged query
2024-06-12 12:37:45,755 - simple - INFO: Building MATCH conditions
2024-06-12 12:37:45,756 - simple - INFO: Building SELECT clause
2024-06-12 12:53:54,627 - simple - INFO: QNode: {"MATCH_ALL": ["sex like m%", "race like white"], "MATCH_SOME": ["subject_crdc_id < 50", "cause_of_death like plague"], "ADD_COLUMNS": ["sex", "race"], "EXCLUDE_COLUMNS": None}
2024-06-12 12:53:54,628 - simple - INFO: Building paged query
2024-06-12 12:53:54,628 - simple - INFO: Building MATCH conditions
2024-06-12 12:53:54,630 - simple - INFO: Building SELECT clause
2024-06-12 12:55:54,227 - simple - INFO: QNode: {"MATCH_ALL": ["sex like m%", "race like white"], "MATCH_SOME": ["subject_crdc_id < 50", "cause_of_death like plague"], "ADD_COLUMNS": ["sex", "race"], "EXCLUDE_COLUMNS": None}
2024-06-12 12:55:54,227 - simple - INFO: Building paged query
2024-06-12 12:55:54,227 - simple - INFO: Building MATCH conditions
2024-06-12 12:55:54,228 - simple - INFO: Building SELECT clause
2024-06-13 09:54:58,872 - simple - ERROR: Column Not Found: aoidfa
NoneType: None
2024-06-13 10:58:08,247 - simple - ERROR: No mapping found between project and project
type object 'project' has no attribute 'project_project_alias_collection'
Traceback (most recent call last):
  File "/Users/tanner.coon/cda/cda-api/cda_api/db/query_utilities.py", line 32, in get_mapping_column
    mapping_column = getattr(entity_table, mapping_columnname)
                     ^^^^^^^^^^^^^^^^^^^^^^^^^^^^^^^^^^^^^^^^^
AttributeError: type object 'project' has no attribute 'project_project_alias_collection'
2024-06-13 11:01:08,806 - simple - ERROR: No mapping found between project and project
type object 'project' has no attribute 'project_project_alias_collection'
Traceback (most recent call last):
  File "/Users/tanner.coon/cda/cda-api/cda_api/db/query_utilities.py", line 32, in get_mapping_column
    mapping_column = getattr(entity_table, mapping_columnname)
                     ^^^^^^^^^^^^^^^^^^^^^^^^^^^^^^^^^^^^^^^^^
AttributeError: type object 'project' has no attribute 'project_project_alias_collection'
2024-06-13 11:01:28,636 - simple - ERROR: No mapping found between project and project
type object 'project' has no attribute 'project_project_alias_collection'
Traceback (most recent call last):
  File "/Users/tanner.coon/cda/cda-api/cda_api/db/query_utilities.py", line 32, in get_mapping_column
    mapping_column = getattr(entity_table, mapping_columnname)
                     ^^^^^^^^^^^^^^^^^^^^^^^^^^^^^^^^^^^^^^^^^
AttributeError: type object 'project' has no attribute 'project_project_alias_collection'
2024-06-13 11:16:17,365 - simple - ERROR: Unable to find relationship between subject and project
'project'
Traceback (most recent call last):
  File "/var/folders/2s/vn8mlnnd4g59fs1qzrl0by6w0000gn/T/ipykernel_11613/1070955301.py", line 127, in get_entity_relationship
    return self.relationship_map[entity_tablename][foreign_tablename]
           ~~~~~~~~~~~~~~~~~~~~~~~~~~~~~~~~~~~~~~~^^^^^^^^^^^^^^^^^^^
KeyError: 'project'
2024-06-13 11:16:25,607 - simple - ERROR: Unable to find relationship between subject and observation
'observation'
Traceback (most recent call last):
  File "/var/folders/2s/vn8mlnnd4g59fs1qzrl0by6w0000gn/T/ipykernel_11613/192829692.py", line 127, in get_entity_relationship
    return self.relationship_map[entity_tablename][foreign_tablename]
           ~~~~~~~~~~~~~~~~~~~~~~~~~~~~~~~~~~~~~~~^^^^^^^^^^^^^^^^^^^
KeyError: 'observation'
2024-06-13 13:34:23,498 - simple - ERROR: Unable to find table subject
'FacadeDict' object has no attribute 'tables'
Traceback (most recent call last):
  File "/var/folders/2s/vn8mlnnd4g59fs1qzrl0by6w0000gn/T/ipykernel_11613/1832146891.py", line 146, in get_metadata_table
    return self.metadata_tables.tables[tablename]
           ^^^^^^^^^^^^^^^^^^^^^^^^^^^
AttributeError: 'FacadeDict' object has no attribute 'tables'
2024-06-13 13:34:58,567 - simple - ERROR: Unable to find table subject
'FacadeDict' object has no attribute 'tables'
Traceback (most recent call last):
  File "/var/folders/2s/vn8mlnnd4g59fs1qzrl0by6w0000gn/T/ipykernel_11613/1832146891.py", line 146, in get_metadata_table
    return self.metadata_tables.tables[tablename]
           ^^^^^^^^^^^^^^^^^^^^^^^^^^^
AttributeError: 'FacadeDict' object has no attribute 'tables'
2024-06-14 12:03:53,106 - simple - INFO: QNode: {"MATCH_ALL": ["sex like m%"], "MATCH_SOME": None, "ADD_COLUMNS": None, "EXCLUDE_COLUMNS": None}
2024-06-14 12:03:53,107 - simple - INFO: Building paged query
2024-06-14 12:03:53,107 - simple - INFO: Building MATCH conditions
2024-06-14 12:04:39,454 - simple - INFO: QNode: {"MATCH_ALL": ["sex like m%"], "MATCH_SOME": None, "ADD_COLUMNS": None, "EXCLUDE_COLUMNS": None}
2024-06-14 12:04:39,455 - simple - INFO: Building paged query
2024-06-14 12:04:39,455 - simple - INFO: Building MATCH conditions
2024-06-14 12:04:52,117 - simple - INFO: QNode: {"MATCH_ALL": ["sex like m%"], "MATCH_SOME": None, "ADD_COLUMNS": None, "EXCLUDE_COLUMNS": None}
2024-06-14 12:04:52,117 - simple - INFO: Building paged query
2024-06-14 12:04:52,117 - simple - INFO: Building MATCH conditions
2024-06-14 12:05:06,473 - simple - INFO: QNode: {"MATCH_ALL": ["sex like m%"], "MATCH_SOME": None, "ADD_COLUMNS": None, "EXCLUDE_COLUMNS": None}
2024-06-14 12:05:06,474 - simple - INFO: Building paged query
2024-06-14 12:05:06,474 - simple - INFO: Building MATCH conditions
2024-06-14 12:05:22,033 - simple - INFO: QNode: {"MATCH_ALL": ["sex like m%"], "MATCH_SOME": None, "ADD_COLUMNS": None, "EXCLUDE_COLUMNS": None}
2024-06-14 12:05:22,034 - simple - INFO: Building paged query
2024-06-14 12:05:22,034 - simple - INFO: Building MATCH conditions
2024-06-14 12:18:33,257 - simple - ERROR: Column Not Found: therapeutic_agent, did you mean: ['therapeutic_agent', 'therapeutic_agent']
'ColumnInfo' object has no attribute 'column'
Traceback (most recent call last):
  File "/Users/tanner.coon/cda/cda-api/cda_api/classes/DatabaseMap.py", line 76, in get_meta_column
    return self.column_map[columnname].column
           ^^^^^^^^^^^^^^^^^^^^^^^^^^^^^^^^^^
AttributeError: 'ColumnInfo' object has no attribute 'column'
2024-06-14 12:18:55,202 - simple - ERROR: Column Not Found: therapeutic_agent, did you mean: ['therapeutic_agent', 'therapeutic_agent']
'ColumnInfo' object has no attribute 'column'
Traceback (most recent call last):
  File "/Users/tanner.coon/cda/cda-api/cda_api/classes/DatabaseMap.py", line 76, in get_meta_column
    return self.column_map[columnname].column
           ^^^^^^^^^^^^^^^^^^^^^^^^^^^^^^^^^^
AttributeError: 'ColumnInfo' object has no attribute 'column'
2024-06-14 12:21:07,819 - simple - ERROR: Column Not Found: therapeutic_agent, did you mean: ['therapeutic_agent', 'therapeutic_agent']
'ColumnInfo' object has no attribute 'column'
Traceback (most recent call last):
  File "/Users/tanner.coon/cda/cda-api/cda_api/classes/DatabaseMap.py", line 76, in get_meta_column
    return self.column_map[columnname].column
           ^^^^^^^^^^^^^^^^^^^^^^^^^^^^^^^^^^
AttributeError: 'ColumnInfo' object has no attribute 'column'
2024-06-14 12:21:56,022 - simple - ERROR: Column Not Found: therapeutic_agent, did you mean: ['therapeutic_agent', 'therapeutic_agent']
'ColumnInfo' object has no attribute 'column'
Traceback (most recent call last):
  File "/Users/tanner.coon/cda/cda-api/cda_api/classes/DatabaseMap.py", line 76, in get_meta_column
    return self.column_map[columnname].metadata_column
           ^^^^^^^^^^^^^^^^^^^^^^^^^^^^^^^^^^
AttributeError: 'ColumnInfo' object has no attribute 'column'
2024-06-14 12:24:30,485 - simple - INFO: QNode: {"MATCH_ALL": ["sex like m%"], "MATCH_SOME": None, "ADD_COLUMNS": None, "EXCLUDE_COLUMNS": None}
2024-06-14 12:24:30,485 - simple - INFO: Building paged query
2024-06-14 12:24:30,486 - simple - INFO: Building MATCH conditions
2024-06-14 12:24:50,139 - simple - INFO: QNode: {"MATCH_ALL": ["sex like m%"], "MATCH_SOME": None, "ADD_COLUMNS": None, "EXCLUDE_COLUMNS": None}
2024-06-14 12:24:50,139 - simple - INFO: Building paged query
2024-06-14 12:24:50,139 - simple - INFO: Building MATCH conditions
2024-06-14 12:25:04,401 - simple - INFO: QNode: {"MATCH_ALL": ["sex like m%"], "MATCH_SOME": None, "ADD_COLUMNS": None, "EXCLUDE_COLUMNS": None}
2024-06-14 12:25:04,401 - simple - INFO: Building paged query
2024-06-14 12:25:04,401 - simple - INFO: Building MATCH conditions
2024-06-14 12:25:33,611 - simple - INFO: QNode: {"MATCH_ALL": ["sex like m%"], "MATCH_SOME": None, "ADD_COLUMNS": None, "EXCLUDE_COLUMNS": None}
2024-06-14 12:25:33,611 - simple - INFO: Building paged query
2024-06-14 12:25:33,611 - simple - INFO: Building MATCH conditions
2024-06-14 12:25:33,612 - simple - ERROR: error
2024-06-14 12:25:33,612 - simple - INFO: Building SELECT clause
2024-06-14 12:25:59,325 - simple - INFO: QNode: {"MATCH_ALL": ["sex like m%"], "MATCH_SOME": None, "ADD_COLUMNS": None, "EXCLUDE_COLUMNS": None}
2024-06-14 12:25:59,325 - simple - INFO: Building paged query
2024-06-14 12:25:59,325 - simple - INFO: Building MATCH conditions
2024-06-14 12:25:59,326 - simple - ERROR: any
2024-06-14 12:26:34,459 - simple - INFO: QNode: {"MATCH_ALL": ["sex like m%"], "MATCH_SOME": None, "ADD_COLUMNS": None, "EXCLUDE_COLUMNS": None}
2024-06-14 12:26:34,460 - simple - INFO: Building paged query
2024-06-14 12:26:34,460 - simple - INFO: Building MATCH conditions
2024-06-14 12:26:34,460 - simple - ERROR: any
2024-06-14 12:29:59,915 - simple - INFO: QNode: {"MATCH_ALL": ["sex like m%"], "MATCH_SOME": None, "ADD_COLUMNS": None, "EXCLUDE_COLUMNS": None}
2024-06-14 12:29:59,915 - simple - INFO: Building paged query
2024-06-14 12:29:59,915 - simple - INFO: Building MATCH conditions
2024-06-14 12:29:59,917 - simple - INFO: Building SELECT clause
2024-06-14 12:30:41,193 - simple - INFO: QNode: {"MATCH_ALL": ["sex like m%"], "MATCH_SOME": None, "ADD_COLUMNS": None, "EXCLUDE_COLUMNS": None}
2024-06-14 12:30:41,194 - simple - INFO: Building paged query
2024-06-14 12:30:41,194 - simple - INFO: Building MATCH conditions
2024-06-14 12:30:41,195 - simple - INFO: Building SELECT clause
2024-06-14 12:30:58,607 - simple - INFO: QNode: {"MATCH_ALL": ["sex like m%"], "MATCH_SOME": None, "ADD_COLUMNS": None, "EXCLUDE_COLUMNS": None}
2024-06-14 12:30:58,608 - simple - INFO: Building paged query
2024-06-14 12:30:58,608 - simple - INFO: Building MATCH conditions
2024-06-14 12:30:58,609 - simple - INFO: Building SELECT clause
2024-06-14 12:31:41,972 - simple - INFO: QNode: {"MATCH_ALL": ["sex like m%"], "MATCH_SOME": None, "ADD_COLUMNS": None, "EXCLUDE_COLUMNS": None}
2024-06-14 12:31:41,972 - simple - INFO: Building paged query
2024-06-14 12:31:41,972 - simple - INFO: Building MATCH conditions
2024-06-14 12:31:41,973 - simple - INFO: Building SELECT clause
2024-06-14 12:31:54,505 - simple - INFO: QNode: {"MATCH_ALL": ["sex like m%"], "MATCH_SOME": None, "ADD_COLUMNS": None, "EXCLUDE_COLUMNS": None}
2024-06-14 12:31:54,505 - simple - INFO: Building paged query
2024-06-14 12:31:54,505 - simple - INFO: Building MATCH conditions
2024-06-14 12:31:54,506 - simple - INFO: Building SELECT clause
2024-06-14 12:33:29,472 - simple - INFO: QNode: {"MATCH_ALL": ["sex like m%"], "MATCH_SOME": None, "ADD_COLUMNS": None, "EXCLUDE_COLUMNS": None}
2024-06-14 12:33:29,472 - simple - INFO: Building paged query
2024-06-14 12:33:29,472 - simple - INFO: Building MATCH conditions
2024-06-14 12:33:29,473 - simple - INFO: Building SELECT clause
2024-06-14 12:33:42,761 - simple - INFO: QNode: {"MATCH_ALL": ["sex like m%"], "MATCH_SOME": None, "ADD_COLUMNS": None, "EXCLUDE_COLUMNS": None}
2024-06-14 12:33:42,762 - simple - INFO: Building paged query
2024-06-14 12:33:42,762 - simple - INFO: Building MATCH conditions
2024-06-14 12:33:42,762 - simple - INFO: Building SELECT clause
2024-06-14 12:33:58,303 - simple - INFO: QNode: {"MATCH_ALL": ["sex like m%"], "MATCH_SOME": None, "ADD_COLUMNS": None, "EXCLUDE_COLUMNS": None}
2024-06-14 12:33:58,304 - simple - INFO: Building paged query
2024-06-14 12:33:58,304 - simple - INFO: Building MATCH conditions
2024-06-14 12:33:58,306 - simple - INFO: Building SELECT clause
2024-06-14 12:34:31,768 - simple - INFO: QNode: {"MATCH_ALL": ["sex like m%"], "MATCH_SOME": None, "ADD_COLUMNS": None, "EXCLUDE_COLUMNS": None}
2024-06-14 12:34:31,768 - simple - INFO: Building paged query
2024-06-14 12:34:31,768 - simple - INFO: Building MATCH conditions
2024-06-14 12:34:31,769 - simple - INFO: Building SELECT clause
2024-06-14 12:35:08,540 - simple - INFO: QNode: {"MATCH_ALL": ["sex like m%"], "MATCH_SOME": None, "ADD_COLUMNS": None, "EXCLUDE_COLUMNS": None}
2024-06-14 12:35:08,540 - simple - INFO: Building paged query
2024-06-14 12:35:08,541 - simple - INFO: Building MATCH conditions
2024-06-14 12:35:08,542 - simple - INFO: Building SELECT clause
2024-06-14 12:35:32,695 - simple - INFO: QNode: {"MATCH_ALL": ["sex like m%"], "MATCH_SOME": None, "ADD_COLUMNS": None, "EXCLUDE_COLUMNS": None}
2024-06-14 12:35:32,695 - simple - INFO: Building paged query
2024-06-14 12:35:32,695 - simple - INFO: Building MATCH conditions
2024-06-14 12:35:32,695 - simple - INFO: Building SELECT clause
2024-06-14 12:35:40,812 - simple - INFO: QNode: {"MATCH_ALL": ["sex like m%"], "MATCH_SOME": None, "ADD_COLUMNS": None, "EXCLUDE_COLUMNS": None}
2024-06-14 12:35:40,812 - simple - INFO: Building paged query
2024-06-14 12:35:40,812 - simple - INFO: Building MATCH conditions
2024-06-14 12:35:40,814 - simple - INFO: Building SELECT clause
2024-06-14 12:35:49,252 - simple - INFO: QNode: {"MATCH_ALL": ["sex like m%"], "MATCH_SOME": None, "ADD_COLUMNS": None, "EXCLUDE_COLUMNS": None}
2024-06-14 12:35:49,252 - simple - INFO: Building paged query
2024-06-14 12:35:49,252 - simple - INFO: Building MATCH conditions
2024-06-14 12:35:49,253 - simple - INFO: Building SELECT clause
2024-06-14 12:36:18,012 - simple - INFO: QNode: {"MATCH_ALL": ["sex like m%"], "MATCH_SOME": None, "ADD_COLUMNS": None, "EXCLUDE_COLUMNS": None}
2024-06-14 12:36:18,012 - simple - INFO: Building paged query
2024-06-14 12:36:18,012 - simple - INFO: Building MATCH conditions
2024-06-14 12:36:18,013 - simple - INFO: Building SELECT clause
2024-06-14 12:37:16,983 - simple - INFO: QNode: {"MATCH_ALL": ["sex like m%"], "MATCH_SOME": None, "ADD_COLUMNS": ["sex"], "EXCLUDE_COLUMNS": None}
2024-06-14 12:37:16,983 - simple - INFO: Building paged query
2024-06-14 12:37:16,983 - simple - INFO: Building MATCH conditions
2024-06-14 12:37:16,985 - simple - INFO: Building SELECT clause
2024-06-14 12:37:56,887 - simple - INFO: QNode: {"MATCH_ALL": ["sex like m%"], "MATCH_SOME": None, "ADD_COLUMNS": ["sex"], "EXCLUDE_COLUMNS": ["species"]}
2024-06-14 12:37:56,888 - simple - INFO: Building paged query
2024-06-14 12:37:56,888 - simple - INFO: Building MATCH conditions
2024-06-14 12:37:56,889 - simple - INFO: Building SELECT clause
2024-06-14 12:38:22,460 - simple - INFO: QNode: {"MATCH_ALL": ["sex like m%"], "MATCH_SOME": None, "ADD_COLUMNS": ["sex"], "EXCLUDE_COLUMNS": ["species"]}
2024-06-14 12:38:22,460 - simple - INFO: Building paged query
2024-06-14 12:38:22,460 - simple - INFO: Building MATCH conditions
2024-06-14 12:38:22,461 - simple - INFO: Building SELECT clause
2024-06-14 12:47:31,863 - simple - INFO: QNode: {"MATCH_ALL": ["sex like m%"], "MATCH_SOME": None, "ADD_COLUMNS": ["sex"], "EXCLUDE_COLUMNS": ["species"]}
2024-06-14 12:47:31,863 - simple - INFO: Building paged query
2024-06-14 12:47:31,863 - simple - INFO: Building MATCH conditions
2024-06-14 12:47:31,864 - simple - INFO: Building SELECT clause
2024-06-14 12:48:35,874 - simple - INFO: QNode: {"MATCH_ALL": ["sex like m%"], "MATCH_SOME": ["species like %homo%", "crdc_id > 50"], "ADD_COLUMNS": ["sex"], "EXCLUDE_COLUMNS": ["species"]}
2024-06-14 12:48:35,874 - simple - INFO: Building paged query
2024-06-14 12:48:35,874 - simple - INFO: Building MATCH conditions
2024-06-14 12:48:35,875 - simple - ERROR: Column Info Not Found: crdc_id, did you mean: ['file_crdc_id', 'specimen_crdc_id', 'subject_crdc_id', 'project_crdc_id']
'crdc_id'
Traceback (most recent call last):
  File "/Users/tanner.coon/cda/cda-api/cda_api/classes/DatabaseMap.py", line 64, in get_column_info
    return self.column_map[columnname]
           ~~~~~~~~~~~~~~~^^^^^^^^^^^^
KeyError: 'crdc_id'
2024-06-14 12:49:37,765 - simple - INFO: QNode: {"MATCH_ALL": ["sex like m%"], "MATCH_SOME": ["species like %homo%", "crdc_id > 50"], "ADD_COLUMNS": ["sex"], "EXCLUDE_COLUMNS": ["species"]}
2024-06-14 12:49:37,765 - simple - INFO: Building paged query
2024-06-14 12:49:37,765 - simple - INFO: Building MATCH conditions
2024-06-14 12:49:37,767 - simple - ERROR: Column Info Not Found: crdc_id, did you mean: ['file_crdc_id', 'specimen_crdc_id', 'subject_crdc_id', 'project_crdc_id']
'crdc_id'
Traceback (most recent call last):
  File "/Users/tanner.coon/cda/cda-api/cda_api/classes/DatabaseMap.py", line 64, in get_column_info
    return self.column_map[columnname]
           ~~~~~~~~~~~~~~~^^^^^^^^^^^^
KeyError: 'crdc_id'
2024-06-14 12:50:52,443 - simple - INFO: QNode: {"MATCH_ALL": ["sex like m%"], "MATCH_SOME": ["species like %homo%", "crdc_id > 50"], "ADD_COLUMNS": ["sex"], "EXCLUDE_COLUMNS": ["species"]}
2024-06-14 12:50:52,444 - simple - INFO: Building paged query
2024-06-14 12:50:52,444 - simple - INFO: Building MATCH conditions
2024-06-14 12:50:52,446 - simple - ERROR: Column Info Not Found: crdc_id, did you mean: ['file_crdc_id', 'specimen_crdc_id', 'subject_crdc_id', 'project_crdc_id']
'crdc_id'
Traceback (most recent call last):
  File "/Users/tanner.coon/cda/cda-api/cda_api/classes/DatabaseMap.py", line 64, in get_column_info
    return self.column_map[columnname]
           ~~~~~~~~~~~~~~~^^^^^^^^^^^^
KeyError: 'crdc_id'
2024-06-14 12:51:22,782 - simple - INFO: QNode: {"MATCH_ALL": ["sex like m%"], "MATCH_SOME": ["species like %homo%", "crdc_id > 50"], "ADD_COLUMNS": ["sex"], "EXCLUDE_COLUMNS": ["species"]}
2024-06-14 12:51:22,783 - simple - INFO: Building paged query
2024-06-14 12:51:22,783 - simple - INFO: Building MATCH conditions
2024-06-14 12:51:22,784 - simple - ERROR: Column Info Not Found: crdc_id, did you mean: ['file_crdc_id', 'specimen_crdc_id', 'subject_crdc_id', 'project_crdc_id']
'crdc_id'
Traceback (most recent call last):
  File "/Users/tanner.coon/cda/cda-api/cda_api/classes/DatabaseMap.py", line 64, in get_column_info
    return self.column_map[columnname]
           ~~~~~~~~~~~~~~~^^^^^^^^^^^^
KeyError: 'crdc_id'
2024-06-14 12:51:42,946 - simple - INFO: QNode: {"MATCH_ALL": ["sex like m%"], "MATCH_SOME": ["species like %homo%", "crdc_id > 50"], "ADD_COLUMNS": ["sex"], "EXCLUDE_COLUMNS": ["species"]}
2024-06-14 12:51:42,947 - simple - INFO: Building paged query
2024-06-14 12:51:42,947 - simple - INFO: Building MATCH conditions
2024-06-14 12:51:42,948 - simple - ERROR: Column Info Not Found: crdc_id, did you mean: ['file_crdc_id', 'specimen_crdc_id', 'subject_crdc_id', 'project_crdc_id']
'crdc_id'
Traceback (most recent call last):
  File "/Users/tanner.coon/cda/cda-api/cda_api/classes/DatabaseMap.py", line 64, in get_column_info
    return self.column_map[columnname]
           ~~~~~~~~~~~~~~~^^^^^^^^^^^^
KeyError: 'crdc_id'
2024-06-14 12:53:18,392 - simple - INFO: QNode: {"MATCH_ALL": ["sex like m%"], "MATCH_SOME": ["species like %homo%", "crdc_id > 50"], "ADD_COLUMNS": ["sex"], "EXCLUDE_COLUMNS": ["species"]}
2024-06-14 12:53:18,392 - simple - INFO: Building paged query
2024-06-14 12:53:18,392 - simple - INFO: Building MATCH conditions
2024-06-14 12:53:18,394 - simple - ERROR: Column Not Found: crdc_id, did you mean: ['file_crdc_id', 'specimen_crdc_id', 'subject_crdc_id', 'project_crdc_id']
'crdc_id'
Traceback (most recent call last):
  File "/Users/tanner.coon/cda/cda-api/cda_api/classes/DatabaseMap.py", line 64, in get_column_info
    return self.column_map[columnname]
           ~~~~~~~~~~~~~~~^^^^^^^^^^^^
KeyError: 'crdc_id'
2024-06-14 12:54:57,084 - simple - INFO: QNode: {"MATCH_ALL": ["sex like m%"], "MATCH_SOME": ["species like %homo%", "crdc_id > 50"], "ADD_COLUMNS": ["sex"], "EXCLUDE_COLUMNS": ["species"]}
2024-06-14 12:54:57,084 - simple - INFO: Building paged query
2024-06-14 12:54:57,085 - simple - INFO: Building MATCH conditions
2024-06-14 12:54:57,087 - simple - ERROR: Column Not Found: crdc_id, did you mean: ['file_crdc_id', 'specimen_crdc_id', 'subject_crdc_id', 'project_crdc_id']
'crdc_id'
Traceback (most recent call last):
  File "/Users/tanner.coon/cda/cda-api/cda_api/classes/DatabaseMap.py", line 64, in get_column_info
    return self.column_map[columnname]
           ~~~~~~~~~~~~~~~^^^^^^^^^^^^
KeyError: 'crdc_id'
2024-06-14 12:55:12,184 - simple - INFO: QNode: {"MATCH_ALL": ["sex like m%"], "MATCH_SOME": ["species like %homo%", "crdc_id > 50"], "ADD_COLUMNS": ["sex"], "EXCLUDE_COLUMNS": ["species"]}
2024-06-14 12:55:12,185 - simple - INFO: Building paged query
2024-06-14 12:55:12,185 - simple - INFO: Building MATCH conditions
2024-06-14 12:55:12,187 - simple - ERROR: Column Not Found: crdc_id, did you mean: ['file_crdc_id', 'specimen_crdc_id', 'subject_crdc_id', 'project_crdc_id']
'crdc_id'
Traceback (most recent call last):
  File "/Users/tanner.coon/cda/cda-api/cda_api/classes/DatabaseMap.py", line 64, in get_column_info
    return self.column_map[columnname]
           ~~~~~~~~~~~~~~~^^^^^^^^^^^^
KeyError: 'crdc_id'
2024-06-14 12:55:21,839 - simple - INFO: QNode: {"MATCH_ALL": ["sex like m%"], "MATCH_SOME": ["species like %homo%", "subject_crdc_id > 50"], "ADD_COLUMNS": ["sex"], "EXCLUDE_COLUMNS": ["species"]}
2024-06-14 12:55:21,840 - simple - INFO: Building paged query
2024-06-14 12:55:21,840 - simple - INFO: Building MATCH conditions
2024-06-14 12:55:21,842 - simple - INFO: Building SELECT clause
2024-06-14 12:55:21,842 - simple - ERROR: Unable to find entity table subject
'subject3'
Traceback (most recent call last):
  File "/Users/tanner.coon/cda/cda-api/cda_api/classes/DatabaseMap.py", line 114, in get_metadata_table_columns
    return self.metadata_tables[tablename+'3'].columns.values()
           ~~~~~~~~~~~~~~~~~~~~^^^^^^^^^^^^^^^
KeyError: 'subject3'
2024-06-14 12:56:17,309 - simple - INFO: QNode: {"MATCH_ALL": ["sex like m%"], "MATCH_SOME": ["species like %homo%", "subject_crdc_id > 50"], "ADD_COLUMNS": ["sex"], "EXCLUDE_COLUMNS": ["species"]}
2024-06-14 12:56:17,310 - simple - INFO: Building paged query
2024-06-14 12:56:17,310 - simple - INFO: Building MATCH conditions
2024-06-14 12:56:17,311 - simple - INFO: Building SELECT clause
2024-06-14 12:56:17,312 - simple - ERROR: Unable to find entity table subject
'subject3'
Traceback (most recent call last):
  File "/Users/tanner.coon/cda/cda-api/cda_api/classes/DatabaseMap.py", line 114, in get_metadata_table_columns
    return self.metadata_tables[tablename+'3'].columns.values()
           ~~~~~~~~~~~~~~~~~~~~^^^^^^^^^^^^^^^
KeyError: 'subject3'
2024-06-14 12:56:35,372 - simple - INFO: QNode: {"MATCH_ALL": ["sex like m%"], "MATCH_SOME": ["species like %homo%", "subject_crdc_id > 50"], "ADD_COLUMNS": ["sex"], "EXCLUDE_COLUMNS": ["species"]}
2024-06-14 12:56:35,373 - simple - INFO: Building paged query
2024-06-14 12:56:35,373 - simple - INFO: Building MATCH conditions
2024-06-14 12:56:35,375 - simple - INFO: Building SELECT clause
2024-06-14 12:57:13,260 - simple - INFO: QNode: {"MATCH_ALL": ["sex like m%"], "MATCH_SOME": ["species like %homo%", "crdc_id > 50"], "ADD_COLUMNS": ["sex"], "EXCLUDE_COLUMNS": ["species"]}
2024-06-14 12:57:13,261 - simple - INFO: Building paged query
2024-06-14 12:57:13,261 - simple - INFO: Building MATCH conditions
2024-06-14 12:57:13,263 - simple - ERROR: Column Not Found: crdc_id, did you mean: ['file_crdc_id', 'specimen_crdc_id', 'subject_crdc_id', 'project_crdc_id']
'crdc_id'
Traceback (most recent call last):
  File "/Users/tanner.coon/cda/cda-api/cda_api/classes/DatabaseMap.py", line 64, in get_column_info
    return self.column_map[columnname]
           ~~~~~~~~~~~~~~~^^^^^^^^^^^^
KeyError: 'crdc_id'
2024-06-14 12:57:44,062 - simple - INFO: QNode: {"MATCH_ALL": ["sex like m%"], "MATCH_SOME": ["species like %homo%", "crdc_id > 50"], "ADD_COLUMNS": ["sex"], "EXCLUDE_COLUMNS": ["species"]}
2024-06-14 12:57:44,063 - simple - INFO: Building paged query
2024-06-14 12:57:44,063 - simple - INFO: Building MATCH conditions
2024-06-14 12:57:44,064 - simple - ERROR: Column Not Found: crdc_id, did you mean: ['file_crdc_id', 'specimen_crdc_id', 'subject_crdc_id', 'project_crdc_id']
'crdc_id'
Traceback (most recent call last):
  File "/Users/tanner.coon/cda/cda-api/cda_api/classes/DatabaseMap.py", line 64, in get_column_info
    return self.column_map[columnname]
           ~~~~~~~~~~~~~~~^^^^^^^^^^^^
KeyError: 'crdc_id'
2024-06-14 12:57:53,195 - simple - INFO: QNode: {"MATCH_ALL": ["sex like m%"], "MATCH_SOME": ["species like %homo%", "crdc_id > 50"], "ADD_COLUMNS": ["sex"], "EXCLUDE_COLUMNS": ["species"]}
2024-06-14 12:57:53,196 - simple - INFO: Building paged query
2024-06-14 12:57:53,196 - simple - INFO: Building MATCH conditions
2024-06-14 12:57:53,198 - simple - ERROR: Column Not Found: crdc_id, did you mean: ['file_crdc_id', 'specimen_crdc_id', 'subject_crdc_id', 'project_crdc_id']
'crdc_id'
Traceback (most recent call last):
  File "/Users/tanner.coon/cda/cda-api/cda_api/classes/DatabaseMap.py", line 64, in get_column_info
    return self.column_map[columnname]
           ~~~~~~~~~~~~~~~^^^^^^^^^^^^
KeyError: 'crdc_id'
2024-06-14 13:23:03,194 - simple - INFO: QNode: {"MATCH_ALL": ["sex like m%"], "MATCH_SOME": ["species like %homo%", "crdc_id > 50"], "ADD_COLUMNS": ["sex"], "EXCLUDE_COLUMNS": ["species"]}
2024-06-14 13:23:03,194 - simple - INFO: Building paged query
2024-06-14 13:23:03,194 - simple - INFO: Building MATCH conditions
2024-06-14 13:23:03,196 - simple - ERROR: Column Not Found: crdc_id, did you mean: ['file_crdc_id', 'specimen_crdc_id', 'subject_crdc_id', 'project_crdc_id']
'crdc_id'
Traceback (most recent call last):
  File "/Users/tanner.coon/cda/cda-api/cda_api/classes/DatabaseMap.py", line 64, in get_column_info
    return self.column_map[columnname]
           ~~~~~~~~~~~~~~~^^^^^^^^^^^^
KeyError: 'crdc_id'
2024-06-14 13:23:09,754 - simple - INFO: QNode: {"MATCH_ALL": ["sex like m%"], "MATCH_SOME": ["species like %homo%", "subject_crdc_id > 50"], "ADD_COLUMNS": ["sex"], "EXCLUDE_COLUMNS": ["species"]}
2024-06-14 13:23:09,754 - simple - INFO: Building paged query
2024-06-14 13:23:09,754 - simple - INFO: Building MATCH conditions
2024-06-14 13:23:09,755 - simple - INFO: Building SELECT clause
2024-06-14 13:23:23,536 - simple - INFO: Building paged query
2024-06-14 13:23:23,536 - simple - INFO: Building MATCH conditions
2024-06-14 13:23:57,543 - simple - INFO: Building paged query
2024-06-14 13:23:57,544 - simple - INFO: Building MATCH conditions
2024-06-14 13:24:19,319 - simple - INFO: Building paged query
2024-06-14 13:24:19,319 - simple - INFO: Building MATCH conditions
2024-06-14 13:24:56,527 - simple - INFO: Building paged query
2024-06-14 13:24:56,528 - simple - INFO: Building MATCH conditions
2024-06-14 13:25:53,847 - simple - INFO: Building paged query
2024-06-14 13:25:53,847 - simple - INFO: Building MATCH conditions
2024-06-14 13:25:53,849 - simple - ERROR: total_count() missing 1 required positional argument: 'column'
Traceback (most recent call last):
  File "/Users/tanner.coon/cda/cda-api/cda_api/routers/summary.py", line 53, in subject_summary_endpoint
    result = summary_query(db, endpoint_tablename='subject', qnode=qnode)
             ^^^^^^^^^^^^^^^^^^^^^^^^^^^^^^^^^^^^^^^^^^^^^^^^^^^^^^^^^^^^
  File "/Users/tanner.coon/cda/cda-api/cda_api/db/query_builders.py", line 80, in summary_query
    select_clause = build_summary_select_clause(db, 'subject', qnode)
                    ^^^^^^^^^^^^^^^^^^^^^^^^^^^^^^^^^^^^^^^^^^^^^^^^^
  File "/Users/tanner.coon/cda/cda-api/cda_api/db/select_builder.py", line 78, in build_summary_select_clause
    column_summary = total_count(get_cte_column(preselect_query, column_info.columnname)).label(alias)
                     ^^^^^^^^^^^^^^^^^^^^^^^^^^^^^^^^^^^^^^^^^^^^^^^^^^^^^^^^^^^^^^^^^^^^
TypeError: total_count() missing 1 required positional argument: 'column'
2024-06-14 13:26:02,949 - simple - INFO: Building paged query
2024-06-14 13:26:02,949 - simple - INFO: Building MATCH conditions
2024-06-14 13:26:02,952 - simple - ERROR: grouped_count() missing 1 required positional argument: 'column'
Traceback (most recent call last):
  File "/Users/tanner.coon/cda/cda-api/cda_api/routers/summary.py", line 53, in subject_summary_endpoint
    result = summary_query(db, endpoint_tablename='subject', qnode=qnode)
             ^^^^^^^^^^^^^^^^^^^^^^^^^^^^^^^^^^^^^^^^^^^^^^^^^^^^^^^^^^^^
  File "/Users/tanner.coon/cda/cda-api/cda_api/db/query_builders.py", line 80, in summary_query
    select_clause = build_summary_select_clause(db, 'subject', qnode)
                    ^^^^^^^^^^^^^^^^^^^^^^^^^^^^^^^^^^^^^^^^^^^^^^^^^
  File "/Users/tanner.coon/cda/cda-api/cda_api/db/select_builder.py", line 93, in build_summary_select_clause
    column_summary = grouped_count(get_cte_column(preselect_query, column_info.columnname)).label(alias)
                     ^^^^^^^^^^^^^^^^^^^^^^^^^^^^^^^^^^^^^^^^^^^^^^^^^^^^^^^^^^^^^^^^^^^^^^
TypeError: grouped_count() missing 1 required positional argument: 'column'
2024-06-14 13:26:17,163 - simple - INFO: Building paged query
2024-06-14 13:26:17,163 - simple - INFO: Building MATCH conditions
2024-06-14 13:26:17,166 - simple - ERROR: data_source_counts() missing 1 required positional argument: 'data_source_columns'
Traceback (most recent call last):
  File "/Users/tanner.coon/cda/cda-api/cda_api/routers/summary.py", line 53, in subject_summary_endpoint
    result = summary_query(db, endpoint_tablename='subject', qnode=qnode)
             ^^^^^^^^^^^^^^^^^^^^^^^^^^^^^^^^^^^^^^^^^^^^^^^^^^^^^^^^^^^^
  File "/Users/tanner.coon/cda/cda-api/cda_api/db/query_builders.py", line 80, in summary_query
    select_clause = build_summary_select_clause(db, 'subject', qnode)
                    ^^^^^^^^^^^^^^^^^^^^^^^^^^^^^^^^^^^^^^^^^^^^^^^^^
  File "/Users/tanner.coon/cda/cda-api/cda_api/db/select_builder.py", line 98, in build_summary_select_clause
    data_count_select = data_source_counts(data_at_columns)
                        ^^^^^^^^^^^^^^^^^^^^^^^^^^^^^^^^^^^
TypeError: data_source_counts() missing 1 required positional argument: 'data_source_columns'
2024-06-14 13:26:34,668 - simple - INFO: Building paged query
2024-06-14 13:26:34,669 - simple - INFO: Building MATCH conditions
2024-07-10 09:49:21,345 - simple - ERROR: Column Not Found: data_at_cds, did you mean: ['file_data_at_cds', 'specimen_data_at_cds', 'subject_data_at_cds', 'project_data_at_cds', 'observation_data_at_cds', 'somatic_mutation_data_at_cds', 'treatment_data_at_cds']
'data_at_cds'
Traceback (most recent call last):
  File "/Users/tanner.coon/cda/cda-api/cda_api/classes/DatabaseMap.py", line 77, in get_meta_column
    return self.column_map[columnname].metadata_column
           ~~~~~~~~~~~~~~~^^^^^^^^^^^^
KeyError: 'data_at_cds'
2024-07-10 09:56:16,816 - simple - ERROR: Column Not Found: file_format
'file_format'
Traceback (most recent call last):
  File "/Users/tanner.coon/cda/cda-api/cda_api/classes/DatabaseMap.py", line 77, in get_meta_column
    return self.column_map[columnname].metadata_column
           ~~~~~~~~~~~~~~~^^^^^^^^^^^^
KeyError: 'file_format'
2024-07-10 09:59:07,738 - simple - ERROR: Column Not Found: file_data_at_doijaoisj
'file_data_at_doijaoisj'
Traceback (most recent call last):
  File "/Users/tanner.coon/cda/cda-api/cda_api/classes/DatabaseMap.py", line 77, in get_meta_column
    return self.column_map[columnname].metadata_column
           ~~~~~~~~~~~~~~~^^^^^^^^^^^^
KeyError: 'file_data_at_doijaoisj'
2024-07-10 10:01:47,074 - simple - ERROR: Column Not Found: file_data_at_doijaoisj
'file_data_at_doijaoisj'
Traceback (most recent call last):
  File "/Users/tanner.coon/cda/cda-api/cda_api/classes/DatabaseMap.py", line 77, in get_meta_column
    return self.column_map[columnname].metadata_column
           ~~~~~~~~~~~~~~~^^^^^^^^^^^^
KeyError: 'file_data_at_doijaoisj'
2024-07-10 10:01:57,614 - simple - ERROR: Column Not Found: file_data_at_doijaoisj
'file_data_at_doijaoisj'
Traceback (most recent call last):
  File "/Users/tanner.coon/cda/cda-api/cda_api/classes/DatabaseMap.py", line 77, in get_meta_column
    return self.column_map[columnname].metadata_column
           ~~~~~~~~~~~~~~~^^^^^^^^^^^^
KeyError: 'file_data_at_doijaoisj'
2024-07-10 10:02:57,461 - simple - ERROR: Column Not Found: file_data_at_doijaoisj
'file_data_at_doijaoisj'
Traceback (most recent call last):
  File "/Users/tanner.coon/cda/cda-api/cda_api/classes/DatabaseMap.py", line 77, in get_meta_column
    return self.column_map[columnname].metadata_column
           ~~~~~~~~~~~~~~~^^^^^^^^^^^^
KeyError: 'file_data_at_doijaoisj'
2024-07-10 10:02:57,462 - simple - ERROR: doijaoisj system not found
Traceback (most recent call last):
  File "/Users/tanner.coon/cda/cda-api/cda_api/classes/DatabaseMap.py", line 77, in get_meta_column
    return self.column_map[columnname].metadata_column
           ~~~~~~~~~~~~~~~^^^^^^^^^^^^
KeyError: 'file_data_at_doijaoisj'

During handling of the above exception, another exception occurred:

Traceback (most recent call last):
  File "/Users/tanner.coon/cda/cda-api/cda_api/db/query_utilities.py", line 94, in build_unique_value_query
    data_system_column = DB_MAP.get_meta_column(f"{column.table.name}_data_at_{system.lower()}")
                         ^^^^^^^^^^^^^^^^^^^^^^^^^^^^^^^^^^^^^^^^^^^^^^^^^^^^^^^^^^^^^^^^^^^^^^^
  File "/Users/tanner.coon/cda/cda-api/cda_api/classes/DatabaseMap.py", line 86, in get_meta_column
    raise ColumnNotFound(log_message)
cda_api.classes.exceptions.ColumnNotFound: Column Not Found: file_data_at_doijaoisj
'file_data_at_doijaoisj'
2024-07-10 10:03:49,058 - simple - ERROR: Column Not Found: file_data_at_doijaoisj
'file_data_at_doijaoisj'
Traceback (most recent call last):
  File "/Users/tanner.coon/cda/cda-api/cda_api/classes/DatabaseMap.py", line 77, in get_meta_column
    return self.column_map[columnname].metadata_column
           ~~~~~~~~~~~~~~~^^^^^^^^^^^^
KeyError: 'file_data_at_doijaoisj'
2024-07-10 10:03:49,060 - simple - ERROR: system: doijaoisj - not found
Traceback (most recent call last):
  File "/Users/tanner.coon/cda/cda-api/cda_api/classes/DatabaseMap.py", line 77, in get_meta_column
    return self.column_map[columnname].metadata_column
           ~~~~~~~~~~~~~~~^^^^^^^^^^^^
KeyError: 'file_data_at_doijaoisj'

During handling of the above exception, another exception occurred:

Traceback (most recent call last):
  File "/Users/tanner.coon/cda/cda-api/cda_api/db/query_utilities.py", line 94, in build_unique_value_query
    data_system_column = DB_MAP.get_meta_column(f"{column.table.name}_data_at_{system.lower()}")
                         ^^^^^^^^^^^^^^^^^^^^^^^^^^^^^^^^^^^^^^^^^^^^^^^^^^^^^^^^^^^^^^^^^^^^^^^
  File "/Users/tanner.coon/cda/cda-api/cda_api/classes/DatabaseMap.py", line 86, in get_meta_column
    raise ColumnNotFound(log_message)
cda_api.classes.exceptions.ColumnNotFound: Column Not Found: file_data_at_doijaoisj
'file_data_at_doijaoisj'
2024-07-10 10:04:02,735 - simple - ERROR: Column Not Found: file_data_at_doijaoisj
'file_data_at_doijaoisj'
Traceback (most recent call last):
  File "/Users/tanner.coon/cda/cda-api/cda_api/classes/DatabaseMap.py", line 77, in get_meta_column
    return self.column_map[columnname].metadata_column
           ~~~~~~~~~~~~~~~^^^^^^^^^^^^
KeyError: 'file_data_at_doijaoisj'
2024-07-10 10:04:02,736 - simple - ERROR: system: doijaoisj - not found
Traceback (most recent call last):
  File "/Users/tanner.coon/cda/cda-api/cda_api/classes/DatabaseMap.py", line 77, in get_meta_column
    return self.column_map[columnname].metadata_column
           ~~~~~~~~~~~~~~~^^^^^^^^^^^^
KeyError: 'file_data_at_doijaoisj'

During handling of the above exception, another exception occurred:

Traceback (most recent call last):
  File "/Users/tanner.coon/cda/cda-api/cda_api/db/query_utilities.py", line 94, in build_unique_value_query
    data_system_column = DB_MAP.get_meta_column(f"{column.table.name}_data_at_{system.lower()}")
                         ^^^^^^^^^^^^^^^^^^^^^^^^^^^^^^^^^^^^^^^^^^^^^^^^^^^^^^^^^^^^^^^^^^^^^^^
  File "/Users/tanner.coon/cda/cda-api/cda_api/classes/DatabaseMap.py", line 86, in get_meta_column
    raise ColumnNotFound(log_message)
cda_api.classes.exceptions.ColumnNotFound: Column Not Found: file_data_at_doijaoisj
'file_data_at_doijaoisj'
2024-08-22 10:05:34,323 - simple - INFO: Building paged query
2024-08-22 10:05:34,323 - simple - INFO: Building MATCH conditions
2024-08-22 10:16:20,373 - simple - INFO: Building paged query
2024-08-22 10:16:20,373 - simple - INFO: Building MATCH conditions
2024-08-22 10:17:23,648 - simple - INFO: Building paged query
2024-08-22 10:17:23,648 - simple - INFO: Building MATCH conditions
2024-08-22 10:20:17,466 - simple - INFO: Building paged query
2024-08-22 10:20:17,467 - simple - INFO: Building MATCH conditions
2024-08-22 10:20:17,468 - simple - ERROR: 'ColumnInfo' object has no attribute 'column'
Traceback (most recent call last):
  File "/Users/tanner.coon/cda/cda-api/cda_api/routers/summary.py", line 55, in file_summary_endpoint
    result = summary_query(db, endpoint_tablename='file', qnode=qnode)
             ^^^^^^^^^^^^^^^^^^^^^^^^^^^^^^^^^^^^^^^^^^^^^^^^^^^^^^^^^
  File "/Users/tanner.coon/cda/cda-api/cda_api/db/query_builders.py", line 88, in summary_query
    select_clause = build_summary_select_clause(db, endpoint_tablename, qnode)
                    ^^^^^^^^^^^^^^^^^^^^^^^^^^^^^^^^^^^^^^^^^^^^^^^^^^^^^^^^^^
  File "/Users/tanner.coon/cda/cda-api/cda_api/db/select_builder.py", line 70, in build_summary_select_clause
    select_columns = [column_info.column for column_info in endpoint_column_infos if column_info.summary_display]
                     ^^^^^^^^^^^^^^^^^^^^^^^^^^^^^^^^^^^^^^^^^^^^^^^^^^^^^^^^^^^^^^^^^^^^^^^^^^^^^^^^^^^^^^^^^^^^
  File "/Users/tanner.coon/cda/cda-api/cda_api/db/select_builder.py", line 70, in <listcomp>
    select_columns = [column_info.column for column_info in endpoint_column_infos if column_info.summary_display]
                      ^^^^^^^^^^^^^^^^^^
AttributeError: 'ColumnInfo' object has no attribute 'column'
2024-08-22 10:20:34,583 - simple - INFO: Building paged query
2024-08-22 10:20:34,584 - simple - INFO: Building MATCH conditions
2024-08-22 10:20:34,586 - simple - ERROR: 'ColumnInfo' object has no attribute 'meta_column'
Traceback (most recent call last):
  File "/Users/tanner.coon/cda/cda-api/cda_api/routers/summary.py", line 55, in file_summary_endpoint
    result = summary_query(db, endpoint_tablename='file', qnode=qnode)
             ^^^^^^^^^^^^^^^^^^^^^^^^^^^^^^^^^^^^^^^^^^^^^^^^^^^^^^^^^
  File "/Users/tanner.coon/cda/cda-api/cda_api/db/query_builders.py", line 88, in summary_query
    select_clause = build_summary_select_clause(db, endpoint_tablename, qnode)
                    ^^^^^^^^^^^^^^^^^^^^^^^^^^^^^^^^^^^^^^^^^^^^^^^^^^^^^^^^^^
  File "/Users/tanner.coon/cda/cda-api/cda_api/db/select_builder.py", line 70, in build_summary_select_clause
    select_columns = [column_info.meta_column for column_info in endpoint_column_infos if column_info.summary_display]
                     ^^^^^^^^^^^^^^^^^^^^^^^^^^^^^^^^^^^^^^^^^^^^^^^^^^^^^^^^^^^^^^^^^^^^^^^^^^^^^^^^^^^^^^^^^^^^^^^^^
  File "/Users/tanner.coon/cda/cda-api/cda_api/db/select_builder.py", line 70, in <listcomp>
    select_columns = [column_info.meta_column for column_info in endpoint_column_infos if column_info.summary_display]
                      ^^^^^^^^^^^^^^^^^^^^^^^
AttributeError: 'ColumnInfo' object has no attribute 'meta_column'
2024-08-22 10:21:00,811 - simple - INFO: Building paged query
2024-08-22 10:21:00,811 - simple - INFO: Building MATCH conditions
2024-08-22 10:21:00,812 - simple - ERROR: id_alias
Traceback (most recent call last):
  File "/Users/tanner.coon/.pyenv/versions/3.11.7/lib/python3.11/site-packages/sqlalchemy/sql/base.py", line 1617, in __getattr__
    return self._index[key][1]
           ~~~~~~~~~~~^^^^^
KeyError: 'id_alias'

The above exception was the direct cause of the following exception:

Traceback (most recent call last):
  File "/Users/tanner.coon/cda/cda-api/cda_api/routers/summary.py", line 55, in file_summary_endpoint
    result = summary_query(db, endpoint_tablename='file', qnode=qnode)
             ^^^^^^^^^^^^^^^^^^^^^^^^^^^^^^^^^^^^^^^^^^^^^^^^^^^^^^^^^
  File "/Users/tanner.coon/cda/cda-api/cda_api/db/query_builders.py", line 88, in summary_query
    select_clause = build_summary_select_clause(db, endpoint_tablename, qnode)
                    ^^^^^^^^^^^^^^^^^^^^^^^^^^^^^^^^^^^^^^^^^^^^^^^^^^^^^^^^^^
  File "/Users/tanner.coon/cda/cda-api/cda_api/db/select_builder.py", line 78, in build_summary_select_clause
    summary_select_clause = [total_column_count_subquery(db, get_cte_column(preselect_query, 'id_alias')).label('total_count')]
                                                             ^^^^^^^^^^^^^^^^^^^^^^^^^^^^^^^^^^^^^^^^^^^
  File "/Users/tanner.coon/cda/cda-api/cda_api/db/query_utilities.py", line 26, in get_cte_column
    return getattr(cte.c, columnname)
           ^^^^^^^^^^^^^^^^^^^^^^^^^^
  File "/Users/tanner.coon/.pyenv/versions/3.11.7/lib/python3.11/site-packages/sqlalchemy/sql/base.py", line 1619, in __getattr__
    raise AttributeError(key) from err
AttributeError: id_alias
2024-08-22 10:21:37,095 - simple - INFO: Building paged query
2024-08-22 10:21:37,095 - simple - INFO: Building MATCH conditions
2024-08-22 10:21:37,097 - simple - ERROR: id
Traceback (most recent call last):
  File "/Users/tanner.coon/.pyenv/versions/3.11.7/lib/python3.11/site-packages/sqlalchemy/sql/base.py", line 1617, in __getattr__
    return self._index[key][1]
           ~~~~~~~~~~~^^^^^
KeyError: 'id'

The above exception was the direct cause of the following exception:

Traceback (most recent call last):
  File "/Users/tanner.coon/cda/cda-api/cda_api/routers/summary.py", line 55, in file_summary_endpoint
    result = summary_query(db, endpoint_tablename='file', qnode=qnode)
             ^^^^^^^^^^^^^^^^^^^^^^^^^^^^^^^^^^^^^^^^^^^^^^^^^^^^^^^^^
  File "/Users/tanner.coon/cda/cda-api/cda_api/db/query_builders.py", line 88, in summary_query
    select_clause = build_summary_select_clause(db, endpoint_tablename, qnode)
                    ^^^^^^^^^^^^^^^^^^^^^^^^^^^^^^^^^^^^^^^^^^^^^^^^^^^^^^^^^^
  File "/Users/tanner.coon/cda/cda-api/cda_api/db/select_builder.py", line 94, in build_summary_select_clause
    preselect_column = get_cte_column(preselect_query, column_info.columnname)
                       ^^^^^^^^^^^^^^^^^^^^^^^^^^^^^^^^^^^^^^^^^^^^^^^^^^^^^^^
  File "/Users/tanner.coon/cda/cda-api/cda_api/db/query_utilities.py", line 26, in get_cte_column
    return getattr(cte.c, columnname)
           ^^^^^^^^^^^^^^^^^^^^^^^^^^
  File "/Users/tanner.coon/.pyenv/versions/3.11.7/lib/python3.11/site-packages/sqlalchemy/sql/base.py", line 1619, in __getattr__
    raise AttributeError(key) from err
AttributeError: id
2024-08-22 10:22:00,300 - simple - INFO: Building paged query
2024-08-22 10:22:00,300 - simple - INFO: Building MATCH conditions
2024-08-22 10:22:00,302 - simple - ERROR: crdc_id
Traceback (most recent call last):
  File "/Users/tanner.coon/.pyenv/versions/3.11.7/lib/python3.11/site-packages/sqlalchemy/sql/base.py", line 1617, in __getattr__
    return self._index[key][1]
           ~~~~~~~~~~~^^^^^
KeyError: 'crdc_id'

The above exception was the direct cause of the following exception:

Traceback (most recent call last):
  File "/Users/tanner.coon/cda/cda-api/cda_api/routers/summary.py", line 55, in file_summary_endpoint
    result = summary_query(db, endpoint_tablename='file', qnode=qnode)
             ^^^^^^^^^^^^^^^^^^^^^^^^^^^^^^^^^^^^^^^^^^^^^^^^^^^^^^^^^
  File "/Users/tanner.coon/cda/cda-api/cda_api/db/query_builders.py", line 88, in summary_query
    select_clause = build_summary_select_clause(db, endpoint_tablename, qnode)
                    ^^^^^^^^^^^^^^^^^^^^^^^^^^^^^^^^^^^^^^^^^^^^^^^^^^^^^^^^^^
  File "/Users/tanner.coon/cda/cda-api/cda_api/db/select_builder.py", line 94, in build_summary_select_clause
    preselect_column = get_cte_column(preselect_query, column_info.columnname)
                       ^^^^^^^^^^^^^^^^^^^^^^^^^^^^^^^^^^^^^^^^^^^^^^^^^^^^^^^
  File "/Users/tanner.coon/cda/cda-api/cda_api/db/query_utilities.py", line 26, in get_cte_column
    return getattr(cte.c, columnname)
           ^^^^^^^^^^^^^^^^^^^^^^^^^^
  File "/Users/tanner.coon/.pyenv/versions/3.11.7/lib/python3.11/site-packages/sqlalchemy/sql/base.py", line 1619, in __getattr__
    raise AttributeError(key) from err
AttributeError: crdc_id
2024-08-22 10:22:20,047 - simple - INFO: Building paged query
2024-08-22 10:22:20,047 - simple - INFO: Building MATCH conditions
2024-08-22 10:23:48,004 - simple - INFO: Building paged query
2024-08-22 10:23:48,004 - simple - INFO: Building MATCH conditions
2024-08-22 10:31:01,269 - simple - INFO: QNode: {"MATCH_ALL": ["sex like m%"], "MATCH_SOME": None, "ADD_COLUMNS": None, "EXCLUDE_COLUMNS": None}
2024-08-22 10:31:01,269 - simple - INFO: Building paged query
2024-08-22 10:31:01,269 - simple - INFO: Building MATCH conditions
2024-08-22 10:31:01,271 - simple - INFO: Building SELECT clause
2024-08-22 10:31:51,669 - simple - INFO: QNode: {"MATCH_ALL": ["sex like m%"], "MATCH_SOME": None, "ADD_COLUMNS": None, "EXCLUDE_COLUMNS": None}
2024-08-22 10:31:51,669 - simple - INFO: Building paged query
2024-08-22 10:31:51,669 - simple - INFO: Building MATCH conditions
2024-08-22 10:31:51,670 - simple - INFO: Building SELECT clause
2024-08-22 10:32:47,077 - simple - INFO: QNode: {"MATCH_ALL": ["sex = male", "therapeutic_agent = Pomalidomide"], "MATCH_SOME": None, "ADD_COLUMNS": ["sex", "vital_status", "therapeutic_agent", "format"], "EXCLUDE_COLUMNS": None}
2024-08-22 10:32:47,077 - simple - INFO: Building paged query
2024-08-22 10:32:47,077 - simple - INFO: Building MATCH conditions
2024-08-22 10:32:47,079 - simple - INFO: Building SELECT clause
2024-08-22 10:33:11,394 - simple - INFO: QNode: {"MATCH_ALL": ["sex = male", "therapeutic_agent = Pomalidomide"], "MATCH_SOME": None, "ADD_COLUMNS": ["sex", "vital_status", "therapeutic_agent", "format"], "EXCLUDE_COLUMNS": None}
2024-08-22 10:33:11,394 - simple - INFO: Building paged query
2024-08-22 10:33:11,394 - simple - INFO: Building MATCH conditions
2024-08-22 10:33:11,397 - simple - INFO: Building SELECT clause
2024-08-22 10:59:11,106 - simple - INFO: QNode: {"MATCH_ALL": ["sex = male", "therapeutic_agent = Pomalidomide"], "MATCH_SOME": None, "ADD_COLUMNS": ["sex", "vital_status", "therapeutic_agent", "format"], "EXCLUDE_COLUMNS": None}
2024-08-22 10:59:11,106 - simple - INFO: Building paged query
2024-08-22 10:59:11,106 - simple - INFO: Building MATCH conditions
2024-08-22 10:59:11,108 - simple - INFO: Building SELECT clause
2024-08-22 17:10:37,702 - simple - INFO: Building paged query
2024-08-22 17:10:37,702 - simple - INFO: Building MATCH conditions
2024-08-22 17:10:59,889 - simple - INFO: QNode: {"MATCH_ALL": ["sex = male", "therapeutic_agent = Pomalidomide"], "MATCH_SOME": None, "ADD_COLUMNS": ["sex", "vital_status", "therapeutic_agent", "format"], "EXCLUDE_COLUMNS": None}
2024-08-22 17:10:59,890 - simple - INFO: Building paged query
2024-08-22 17:10:59,890 - simple - INFO: Building MATCH conditions
2024-08-22 17:10:59,891 - simple - INFO: Building SELECT clause
